This is pdfTeX, Version 3.141592653-2.6-1.40.25 (MiKTeX 24.1) (preloaded format=pdflatex 2025.9.30)  14 OCT 2025 22:26
entering extended mode
 restricted \write18 enabled.
 %&-line parsing enabled.
**./Report_ZhangYu_AI6127.tex
(Report_ZhangYu_AI6127.tex
LaTeX2e <2023-11-01> patch level 1
L3 programming layer <2024-01-04>
(F:\MikTex\tex/latex/base\article.cls
Document Class: article 2023/05/17 v1.4n Standard LaTeX document class
(F:\MikTex\tex/latex/base\size10.clo
File: size10.clo 2023/05/17 v1.4n Standard LaTeX file (size option)
)
\c@part=\count187
\c@section=\count188
\c@subsection=\count189
\c@subsubsection=\count190
\c@paragraph=\count191
\c@subparagraph=\count192
\c@figure=\count193
\c@table=\count194
\abovecaptionskip=\skip48
\belowcaptionskip=\skip49
\bibindent=\dimen140
) (aaai24.sty
Package: aaai24 2023/06/26 AAAI 2024 Submission format

Conference Style for AAAI for LaTeX 2e -- version for submission
\titlebox=\skip50
) (F:\MikTex\tex/latex/psnfss\times.sty
Package: times 2020/03/25 PSNFSS-v9.3 (SPQR) 
) (F:\MikTex\tex/latex/psnfss\helvet.sty
Package: helvet 2020/03/25 PSNFSS-v9.3 (WaS) 
(F:\MikTex\tex/latex/graphics\keyval.sty
Package: keyval 2022/05/29 v1.15 key=value parser (DPC)
\KV@toks@=\toks17
))
(F:\MikTex\tex/latex/psnfss\courier.sty
Package: courier 2020/03/25 PSNFSS-v9.3 (WaS) 
) (F:\MikTex\tex/latex/url\url.sty
\Urlmuskip=\muskip16
Package: url 2013/09/16  ver 3.4  Verb mode for urls, etc.
)
(F:\MikTex\tex/latex/graphics\graphicx.sty
Package: graphicx 2021/09/16 v1.2d Enhanced LaTeX Graphics (DPC,SPQR)

(F:\MikTex\tex/latex/graphics\graphics.sty
Package: graphics 2022/03/10 v1.4e Standard LaTeX Graphics (DPC,SPQR)

(F:\MikTex\tex/latex/graphics\trig.sty
Package: trig 2021/08/11 v1.11 sin cos tan (DPC)
)
(F:\MikTex\tex/latex/graphics-cfg\graphics.cfg
File: graphics.cfg 2016/06/04 v1.11 sample graphics configuration
)
Package graphics Info: Driver file: pdftex.def on input line 107.

(F:\MikTex\tex/latex/graphics-def\pdftex.def
File: pdftex.def 2022/09/22 v1.2b Graphics/color driver for pdftex
))
\Gin@req@height=\dimen141
\Gin@req@width=\dimen142
)
(F:\MikTex\tex/latex/natbib\natbib.sty
Package: natbib 2010/09/13 8.31b (PWD, AO)
\bibhang=\skip51
\bibsep=\skip52
LaTeX Info: Redefining \cite on input line 694.
\c@NAT@ctr=\count195
)
(F:\MikTex\tex/latex/caption\caption.sty
Package: caption 2023/08/05 v3.6o Customizing captions (AR)

(F:\MikTex\tex/latex/caption\caption3.sty
Package: caption3 2023/07/31 v2.4d caption3 kernel (AR)
\caption@tempdima=\dimen143
\captionmargin=\dimen144
\caption@leftmargin=\dimen145
\caption@rightmargin=\dimen146
\caption@width=\dimen147
\caption@indent=\dimen148
\caption@parindent=\dimen149
\caption@hangindent=\dimen150
Package caption Info: Standard document class detected.
)
\c@caption@flags=\count196
\c@continuedfloat=\count197
)
(F:\MikTex\tex/latex/algorithms\algorithm.sty
Package: algorithm 2009/08/24 v0.1 Document Style `algorithm' - floating enviro
nment

(F:\MikTex\tex/latex/float\float.sty
Package: float 2001/11/08 v1.3d Float enhancements (AL)
\c@float@type=\count198
\float@exts=\toks18
\float@box=\box51
\@float@everytoks=\toks19
\@floatcapt=\box52
) (F:\MikTex\tex/latex/base\ifthen.sty
Package: ifthen 2022/04/13 v1.1d Standard LaTeX ifthen package (DPC)
)
\@float@every@algorithm=\toks20
\c@algorithm=\count199
)
(F:\MikTex\tex/latex/algorithms\algorithmic.sty
Package: algorithmic 2009/08/24 v0.1 Document Style `algorithmic'
\c@ALC@unique=\count266
\c@ALC@line=\count267
\c@ALC@rem=\count268
\c@ALC@depth=\count269
\ALC@tlm=\skip53
\algorithmicindent=\skip54
)
(F:\MikTex\tex/latex/booktabs\booktabs.sty
Package: booktabs 2020/01/12 v1.61803398 Publication quality tables
\heavyrulewidth=\dimen151
\lightrulewidth=\dimen152
\cmidrulewidth=\dimen153
\belowrulesep=\dimen154
\belowbottomsep=\dimen155
\aboverulesep=\dimen156
\abovetopsep=\dimen157
\cmidrulesep=\dimen158
\cmidrulekern=\dimen159
\defaultaddspace=\dimen160
\@cmidla=\count270
\@cmidlb=\count271
\@aboverulesep=\dimen161
\@belowrulesep=\dimen162
\@thisruleclass=\count272
\@lastruleclass=\count273
\@thisrulewidth=\dimen163
)
(F:\MikTex\tex/latex/tools\tabularx.sty
Package: tabularx 2023/07/08 v2.11c `tabularx' package (DPC)
 (F:\MikTex\tex/latex/tools\array.sty
Package: array 2023/10/16 v2.5g Tabular extension package (FMi)
\col@sep=\dimen164
\ar@mcellbox=\box53
\extrarowheight=\dimen165
\NC@list=\toks21
\extratabsurround=\skip55
\backup@length=\skip56
\ar@cellbox=\box54
)
\TX@col@width=\dimen166
\TX@old@table=\dimen167
\TX@old@col=\dimen168
\TX@target=\dimen169
\TX@delta=\dimen170
\TX@cols=\count274
\TX@ftn=\toks22
)
(F:\MikTex\tex/latex/newfloat\newfloat.sty
Package: newfloat 2023/10/01 v1.2 Defining new floating environments (AR)
)
(F:\MikTex\tex/latex/listings\listings.sty
\lst@mode=\count275
\lst@gtempboxa=\box55
\lst@token=\toks23
\lst@length=\count276
\lst@currlwidth=\dimen171
\lst@column=\count277
\lst@pos=\count278
\lst@lostspace=\dimen172
\lst@width=\dimen173
\lst@newlines=\count279
\lst@lineno=\count280
\lst@maxwidth=\dimen174

(F:\MikTex\tex/latex/listings\lstmisc.sty
File: lstmisc.sty 2023/02/27 1.9 (Carsten Heinz)
\c@lstnumber=\count281
\lst@skipnumbers=\count282
\lst@framebox=\box56
)
(F:\MikTex\tex/latex/listings\listings.cfg
File: listings.cfg 2023/02/27 1.9 listings configuration
))
Package: listings 2023/02/27 1.9 (Carsten Heinz)
\@float@every@listing=\toks24
\c@listing=\count283
LaTeX Font Info:    Trying to load font information for OT1+ptm on input line 5
3.

(F:\MikTex\tex/latex/psnfss\ot1ptm.fd
File: ot1ptm.fd 2001/06/04 font definitions for OT1/ptm.
)
(F:\MikTex\tex/latex/l3backend\l3backend-pdftex.def
File: l3backend-pdftex.def 2024-01-04 L3 backend support: PDF output (pdfTeX)
\l__color_backend_stack_int=\count284
\l__pdf_internal_box=\box57
) (Report_ZhangYu_AI6127.aux)
\openout1 = `Report_ZhangYu_AI6127.aux'.

LaTeX Font Info:    Checking defaults for OML/cmm/m/it on input line 53.
LaTeX Font Info:    ... okay on input line 53.
LaTeX Font Info:    Checking defaults for OMS/cmsy/m/n on input line 53.
LaTeX Font Info:    ... okay on input line 53.
LaTeX Font Info:    Checking defaults for OT1/cmr/m/n on input line 53.
LaTeX Font Info:    ... okay on input line 53.
LaTeX Font Info:    Checking defaults for T1/cmr/m/n on input line 53.
LaTeX Font Info:    ... okay on input line 53.
LaTeX Font Info:    Checking defaults for TS1/cmr/m/n on input line 53.
LaTeX Font Info:    ... okay on input line 53.
LaTeX Font Info:    Checking defaults for OMX/cmex/m/n on input line 53.
LaTeX Font Info:    ... okay on input line 53.
LaTeX Font Info:    Checking defaults for U/cmr/m/n on input line 53.
LaTeX Font Info:    ... okay on input line 53.
 (F:\MikTex\tex/context/base/mkii\supp-pdf.mkii
[Loading MPS to PDF converter (version 2006.09.02).]
\scratchcounter=\count285
\scratchdimen=\dimen175
\scratchbox=\box58
\nofMPsegments=\count286
\nofMParguments=\count287
\everyMPshowfont=\toks25
\MPscratchCnt=\count288
\MPscratchDim=\dimen176
\MPnumerator=\count289
\makeMPintoPDFobject=\count290
\everyMPtoPDFconversion=\toks26
) (F:\MikTex\tex/latex/epstopdf-pkg\epstopdf-base.sty
Package: epstopdf-base 2020-01-24 v2.11 Base part for package epstopdf
Package epstopdf-base Info: Redefining graphics rule for `.eps' on input line 4
85.

(F:\MikTex\tex/latex/00miktex\epstopdf-sys.cfg
File: epstopdf-sys.cfg 2021/03/18 v2.0 Configuration of epstopdf for MiKTeX
))
Package caption Info: Begin \AtBeginDocument code.
Package caption Info: float package is loaded.
Package caption Info: listings package is loaded.
Package caption Info: End \AtBeginDocument code.
Package newfloat Info: `float' package detected.
\c@lstlisting=\count291
\c@eqfn=\count292
\titlearea=\box59
\actualheight=\skip57

Overfull \hbox (2.15088pt too wide) in paragraph at lines 76--76
[]|\OT1/ptm/b/n/10 Val.Loss| 
 []


Overfull \hbox (4.36096pt too wide) in paragraph at lines 76--76
[]|\OT1/ptm/b/n/10 Val.Accu| 
 []


Overfull \hbox (5.48073pt too wide) in paragraph at lines 76--76
[]|\OT1/ptm/b/n/10 Test.Loss| 
 []


Overfull \hbox (7.69081pt too wide) in paragraph at lines 76--76
[]|\OT1/ptm/b/n/10 Test.Accu| 
 []


Overfull \hbox (2.15088pt too wide) in paragraph at lines 94--94
[]|\OT1/ptm/b/n/10 Val.Loss| 
 []


Overfull \hbox (4.36096pt too wide) in paragraph at lines 94--94
[]|\OT1/ptm/b/n/10 Val.Accu| 
 []


Overfull \hbox (5.48073pt too wide) in paragraph at lines 94--94
[]|\OT1/ptm/b/n/10 Test.Loss| 
 []


Overfull \hbox (7.69081pt too wide) in paragraph at lines 94--94
[]|\OT1/ptm/b/n/10 Test.Accu| 
 []


Underfull \vbox (badness 10000) has occurred while \output is active []

<Performance with different optimizers (200 epochs)_ Train loss.png, id=1, 462.
528pt x 346.896pt>
File: Performance with different optimizers (200 epochs)_ Train loss.png Graphi
c file (type png)
<use Performance with different optimizers (200 epochs)_ Train loss.png>
Package pdftex.def Info: Performance with different optimizers (200 epochs)_ Tr
ain loss.png  used on input line 103.
(pdftex.def)             Requested size: 227.64894pt x 170.73744pt.
<Performance with different optimizers (200 epochs)_ val acc.png, id=3, 462.528
pt x 346.896pt>
File: Performance with different optimizers (200 epochs)_ val acc.png Graphic f
ile (type png)
<use Performance with different optimizers (200 epochs)_ val acc.png>
Package pdftex.def Info: Performance with different optimizers (200 epochs)_ va
l acc.png  used on input line 110.
(pdftex.def)             Requested size: 227.64894pt x 170.73744pt.

Underfull \vbox (badness 10000) has occurred while \output is active []

 [1{C:/Users/wolff/AppData/Local/MiKTeX/fonts/map/pdftex/pdftex.map}{F:/MikTex/
fonts/enc/dvips/base/8r.enc}



 <./Performance with different optimizers (200 epochs)_ Train loss.png>]
Overfull \hbox (1.31831pt too wide) in paragraph at lines 159--159
[]|\OT1/ptm/b/n/10 Test.Loss| 
 []


Overfull \hbox (3.5284pt too wide) in paragraph at lines 159--159
[]|\OT1/ptm/b/n/10 Test.Accu| 
 []


Overfull \hbox (1.04343pt too wide) in paragraph at lines 188--188
[]|\OT1/ptm/b/n/10 Val.Loss| 
 []


Overfull \hbox (3.25351pt too wide) in paragraph at lines 188--188
[]|\OT1/ptm/b/n/10 Val.Accu| 
 []


Overfull \hbox (4.37328pt too wide) in paragraph at lines 188--188
[]|\OT1/ptm/b/n/10 Test.Loss| 
 []


Overfull \hbox (6.58336pt too wide) in paragraph at lines 188--188
[]|\OT1/ptm/b/n/10 Test.Accu| 
 []

[2 <./Performance with different optimizers (200 epochs)_ val acc.png>]
<Performance with different depth (50 epochs)_ Train loss.png, id=21, 462.528pt
 x 346.896pt>
File: Performance with different depth (50 epochs)_ Train loss.png Graphic file
 (type png)
<use Performance with different depth (50 epochs)_ Train loss.png>
Package pdftex.def Info: Performance with different depth (50 epochs)_ Train lo
ss.png  used on input line 201.
(pdftex.def)             Requested size: 227.64894pt x 170.73744pt.

Underfull \vbox (badness 10000) has occurred while \output is active []


(Report_ZhangYu_AI6127.bbl
Underfull \hbox (badness 3138) in paragraph at lines 16--19
[]\OT1/ptm/m/n/10 Reddi, S. J.; Kale, S.; and Ku-mar, S. 2019.  On
 []

) [3 <./Performance with different depth (50 epochs)_ Train loss.png>]
(Report_ZhangYu_AI6127.aux)
 ***********
LaTeX2e <2023-11-01> patch level 1
L3 programming layer <2024-01-04>
 ***********
 ) 
Here is how much of TeX's memory you used:
 5285 strings out of 474486
 86861 string characters out of 5760170
 1949542 words of memory out of 5000000
 27542 multiletter control sequences out of 15000+600000
 567230 words of font info for 48 fonts, out of 8000000 for 9000
 1141 hyphenation exceptions out of 8191
 57i,10n,65p,817b,318s stack positions out of 10000i,1000n,20000p,200000b,200000s
<F:/MikTex/fonts/type1/public/amsfonts/cm/cmex10.pfb><F:/MikTex/fonts/type1/p
ublic/amsfonts/cm/cmmi10.pfb><F:/MikTex/fonts/type1/public/amsfonts/cm/cmmi7.pf
b><F:/MikTex/fonts/type1/public/amsfonts/cm/cmr10.pfb><F:/MikTex/fonts/type1/pu
blic/amsfonts/cm/cmr7.pfb><F:/MikTex/fonts/type1/public/amsfonts/cm/cmsy10.pfb>
<F:/MikTex/fonts/type1/urw/times/utmb8a.pfb><F:/MikTex/fonts/type1/urw/times/ut
mr8a.pfb><F:/MikTex/fonts/type1/urw/times/utmri8a.pfb>
Output written on Report_ZhangYu_AI6127.pdf (3 pages, 238585 bytes).
PDF statistics:
 65 PDF objects out of 1000 (max. 8388607)
 0 named destinations out of 1000 (max. 500000)
 16 words of extra memory for PDF output out of 10000 (max. 10000000)

